flutter : Unable to find 
suitable Visual Studio 
toolchain. Please run 
`flutter doctor` for more 
details.
At line:1 char:1
+ flutter build windows 
2>&1 | Out-File -FilePath 
build_output.txt -Enc ...
+ 
~~~~~~~~~~~~~~~~~~~~~~~~~~
    + CategoryInfo        
      : NotSpecified: (U  
  nable to find ...r mo   
 re details.:String) [    
], RemoteException
    + FullyQualifiedError 
   Id : NativeCommandErr  
  or
 
